--------------------------------------------------------------------------------
Release 10.1.03 Trace  (lin64)
Copyright (c) 1995-2008 Xilinx, Inc.  All rights reserved.

/afs/csail.mit.edu/proj/redsocs/Xilinx10.1/ISE/bin/lin64/unwrapped/trce -ise
/afs/athena.mit.edu/user/k/i/kiarash/Documents/6.111/Lab2/project/lab2_2/lab2_2.ise
-intstyle ise -v 3 -s 4 -xml labkit labkit.ncd -o labkit.twr labkit.pcf -ucf
labkit.ucf

Design file:              labkit.ncd
Physical constraint file: labkit.pcf
Device,package,speed:     xc2v6000,bf957,-4 (PRODUCTION 1.121 2008-07-25, STEPPING level 0)
Report level:             verbose report

Environment Variable      Effect 
--------------------      ------ 
NONE                      No environment variables were set
--------------------------------------------------------------------------------

INFO:Timing:2698 - No timing constraints found, doing default enumeration.
INFO:Timing:2752 - To get complete path coverage, use the unconstrained paths 
   option. All paths that are not constrained will be reported in the 
   unconstrained paths section(s) of the report.
INFO:Timing:3339 - The clock-to-out numbers in this timing report are based on 
   a 50 Ohm transmission line loading model.  For the details of this model, 
   and for more information on accounting for different loading conditions, 
   please see the device datasheet.



Data Sheet report:
-----------------
All values displayed in nanoseconds (ns)

Pad to Pad
---------------+---------------+---------+
Source Pad     |Destination Pad|  Delay  |
---------------+---------------+---------+
switch<0>      |user1<0>       |   20.273|
switch<0>      |user1<1>       |   19.909|
switch<0>      |user1<2>       |   20.130|
switch<0>      |user1<3>       |   19.055|
switch<0>      |user1<4>       |   19.403|
switch<0>      |user1<5>       |   19.715|
switch<0>      |user1<6>       |   19.266|
switch<1>      |user1<0>       |   19.176|
switch<1>      |user1<1>       |   19.321|
switch<1>      |user1<2>       |   19.328|
switch<1>      |user1<3>       |   18.469|
switch<1>      |user1<4>       |   18.531|
switch<1>      |user1<5>       |   18.548|
switch<1>      |user1<6>       |   18.743|
switch<2>      |user1<0>       |   19.580|
switch<2>      |user1<1>       |   19.970|
switch<2>      |user1<2>       |   20.057|
switch<2>      |user1<3>       |   19.184|
switch<2>      |user1<4>       |   19.262|
switch<2>      |user1<5>       |   18.954|
switch<2>      |user1<6>       |   19.553|
switch<3>      |user1<0>       |   18.930|
switch<3>      |user1<1>       |   18.654|
switch<3>      |user1<2>       |   19.112|
switch<3>      |user1<3>       |   17.870|
switch<3>      |user1<4>       |   18.383|
switch<3>      |user1<5>       |   18.370|
switch<3>      |user1<6>       |   18.957|
---------------+---------------+---------+


Analysis completed Mon Sep 24 17:52:50 2012 
--------------------------------------------------------------------------------

Trace Settings:
-------------------------
Trace Settings 

Peak Memory Usage: 332 MB



